Component: ARM Compiler 5.06 update 7 (build 960) Tool: armlink [4d3601]

==============================================================================

Section Cross References

    cm0dsasm.o(STACK) refers (Special) to heapauxi.o(.text) for __use_two_region_memory
    cm0dsasm.o(HEAP) refers (Special) to heapauxi.o(.text) for __use_two_region_memory
    cm0dsasm.o(RESET) refers (Special) to heapauxi.o(.text) for __use_two_region_memory
    cm0dsasm.o(RESET) refers to cm0dsasm.o(.text) for Reset_Handler
    cm0dsasm.o(.text) refers (Special) to heapauxi.o(.text) for __use_two_region_memory
    cm0dsasm.o(.text) refers to main.o(.text) for Timer_ISR
    cm0dsasm.o(.text) refers to __main.o(!!!main) for __main
    cm0dsasm.o(.text) refers to cm0dsasm.o(HEAP) for Heap_Mem
    cm0dsasm.o(.text) refers to cm0dsasm.o(STACK) for Stack_Mem
    edk_api.o(.text) refers to edk_driver.o(.text) for VGA_plot_pixel
    edk_api.o(.text) refers to edk_api.o(.data) for .data
    main.o(.text) refers to _printf_percent.o(.ARM.Collect$$_printf_percent$$00000000) for _printf_percent
    main.o(.text) refers to _printf_s.o(.ARM.Collect$$_printf_percent$$00000014) for _printf_s
    main.o(.text) refers to _printf_str.o(.text) for _printf_str
    main.o(.text) refers to edk_api.o(.text) for clear_screen
    main.o(.text) refers to noretval__2printf.o(.text) for __2printf
    main.o(.text) refers to retarget.o(.text) for KBHIT
    main.o(.text) refers to rt_memclr.o(.text) for __aeabi_memclr4
    main.o(.text) refers to main.o(i.__ARM_common_switch8) for __ARM_common_switch8
    main.o(.text) refers to main.o(.data) for .data
    main.o(.text) refers to edk_driver.o(.text) for timer_irq_clear
    main.o(.text) refers to main.o(.bss) for .bss
    retarget.o(.rev16_text) refers (Special) to use_no_semi.o(.text) for __use_no_semihosting_swi
    retarget.o(.revsh_text) refers (Special) to use_no_semi.o(.text) for __use_no_semihosting_swi
    retarget.o(.text) refers (Special) to use_no_semi.o(.text) for __use_no_semihosting_swi
    retarget.o(.data) refers (Special) to use_no_semi.o(.text) for __use_no_semihosting_swi
    retarget.o(.data) refers (Special) to use_no_semi.o(.text) for __use_no_semihosting_swi
    __2printf.o(.text) refers to _printf_char_file.o(.text) for _printf_char_file
    __2printf.o(.text) refers to retarget.o(.data) for __stdout
    noretval__2printf.o(.text) refers to _printf_char_file.o(.text) for _printf_char_file
    noretval__2printf.o(.text) refers to retarget.o(.data) for __stdout
    __printf.o(.text) refers to _printf_percent.o(.ARM.Collect$$_printf_percent$$00000000) for _printf_percent
    _printf_str.o(.text) refers (Special) to _printf_char.o(.text) for _printf_cs_common
    __printf_flags.o(.text) refers to _printf_percent.o(.ARM.Collect$$_printf_percent$$00000000) for _printf_percent
    __printf_flags.o(.text) refers to __printf_flags.o(.constdata) for .constdata
    __printf_ss.o(.text) refers to _printf_percent.o(.ARM.Collect$$_printf_percent$$00000000) for _printf_percent
    __printf_flags_ss.o(.text) refers to _printf_percent.o(.ARM.Collect$$_printf_percent$$00000000) for _printf_percent
    __printf_flags_ss.o(.text) refers to __printf_flags_ss.o(.constdata) for .constdata
    __printf_wp.o(.text) refers to __printf_wp.o(i._is_digit) for _is_digit
    __printf_wp.o(.text) refers to _printf_percent.o(.ARM.Collect$$_printf_percent$$00000000) for _printf_percent
    __printf_flags_wp.o(.text) refers to __printf_wp.o(i._is_digit) for _is_digit
    __printf_flags_wp.o(.text) refers to _printf_percent.o(.ARM.Collect$$_printf_percent$$00000000) for _printf_percent
    __printf_flags_wp.o(.text) refers to __printf_flags_wp.o(.constdata) for .constdata
    __printf_ss_wp.o(.text) refers to __printf_wp.o(i._is_digit) for _is_digit
    __printf_ss_wp.o(.text) refers to _printf_percent.o(.ARM.Collect$$_printf_percent$$00000000) for _printf_percent
    __printf_flags_ss_wp.o(.text) refers to __printf_wp.o(i._is_digit) for _is_digit
    __printf_flags_ss_wp.o(.text) refers to _printf_percent.o(.ARM.Collect$$_printf_percent$$00000000) for _printf_percent
    __printf_flags_ss_wp.o(.text) refers to __printf_flags_ss_wp.o(.constdata) for .constdata
    _printf_s.o(.ARM.Collect$$_printf_percent$$00000014) refers (Weak) to _printf_char.o(.text) for _printf_string
    _printf_percent.o(.ARM.Collect$$_printf_percent$$00000000) refers (Special) to _printf_percent_end.o(.ARM.Collect$$_printf_percent$$00000017) for _printf_percent_end
    __main.o(!!!main) refers to __rtentry.o(.ARM.Collect$$rtentry$$00000000) for __rt_entry
    __rtentry.o(.ARM.Collect$$rtentry$$00000000) refers (Special) to __rtentry2.o(.ARM.Collect$$rtentry$$0000000A) for __rt_entry_li
    __rtentry.o(.ARM.Collect$$rtentry$$00000000) refers (Special) to __rtentry2.o(.ARM.Collect$$rtentry$$0000000D) for __rt_entry_main
    __rtentry.o(.ARM.Collect$$rtentry$$00000000) refers (Special) to __rtentry2.o(.ARM.Collect$$rtentry$$0000000C) for __rt_entry_postli_1
    __rtentry.o(.ARM.Collect$$rtentry$$00000000) refers (Special) to __rtentry2.o(.ARM.Collect$$rtentry$$00000009) for __rt_entry_postsh_1
    __rtentry.o(.ARM.Collect$$rtentry$$00000000) refers (Special) to __rtentry2.o(.ARM.Collect$$rtentry$$00000002) for __rt_entry_presh_1
    __rtentry.o(.ARM.Collect$$rtentry$$00000000) refers (Special) to __rtentry4.o(.ARM.Collect$$rtentry$$00000004) for __rt_entry_sh
    _printf_char.o(.text) refers (Weak) to _printf_str.o(.text) for _printf_str
    _printf_char_file.o(.text) refers to _printf_char_common.o(.text) for _printf_char_common
    _printf_char_file.o(.text) refers to retarget.o(.text) for ferror
    __rtentry2.o(.ARM.Collect$$rtentry$$00000008) refers to boardinit2.o(.text) for _platform_post_stackheap_init
    __rtentry2.o(.ARM.Collect$$rtentry$$0000000A) refers to libinit.o(.ARM.Collect$$libinit$$00000000) for __rt_lib_init
    __rtentry2.o(.ARM.Collect$$rtentry$$0000000B) refers to boardinit3.o(.text) for _platform_post_lib_init
    __rtentry2.o(.ARM.Collect$$rtentry$$0000000D) refers to main.o(.text) for main
    __rtentry2.o(.ARM.Collect$$rtentry$$0000000D) refers to exit.o(.text) for exit
    __rtentry2.o(.ARM.exidx) refers to __rtentry2.o(.ARM.Collect$$rtentry$$00000001) for .ARM.Collect$$rtentry$$00000001
    __rtentry2.o(.ARM.exidx) refers to __rtentry2.o(.ARM.Collect$$rtentry$$00000008) for .ARM.Collect$$rtentry$$00000008
    __rtentry2.o(.ARM.exidx) refers to __rtentry2.o(.ARM.Collect$$rtentry$$0000000A) for .ARM.Collect$$rtentry$$0000000A
    __rtentry2.o(.ARM.exidx) refers to __rtentry2.o(.ARM.Collect$$rtentry$$0000000B) for .ARM.Collect$$rtentry$$0000000B
    __rtentry2.o(.ARM.exidx) refers to __rtentry2.o(.ARM.Collect$$rtentry$$0000000D) for .ARM.Collect$$rtentry$$0000000D
    __rtentry4.o(.ARM.Collect$$rtentry$$00000004) refers to sys_stackheap_outer.o(.text) for __user_setup_stackheap
    __rtentry4.o(.ARM.exidx) refers to __rtentry4.o(.ARM.Collect$$rtentry$$00000004) for .ARM.Collect$$rtentry$$00000004
    _printf_char_common.o(.text) refers to __printf.o(.text) for __printf
    sys_stackheap_outer.o(.text) refers to libspace.o(.text) for __user_perproc_libspace
    sys_stackheap_outer.o(.text) refers to cm0dsasm.o(.text) for __user_initial_stackheap
    sys_stackheap_outer.o(__vectab_stack_and_reset_area) refers to tempstk.o(.text) for __temporary_stack_top
    sys_stackheap_outer.o(__vectab_stack_and_reset_area) refers to __main.o(!!!main) for __main
    exit.o(.text) refers to rtexit.o(.ARM.Collect$$rtexit$$00000000) for __rt_exit
    libinit.o(.ARM.Collect$$libinit$$00000000) refers (Special) to libinit2.o(.ARM.Collect$$libinit$$0000002E) for __rt_lib_init_alloca_1
    libinit.o(.ARM.Collect$$libinit$$00000000) refers (Special) to libinit2.o(.ARM.Collect$$libinit$$0000002C) for __rt_lib_init_argv_1
    libinit.o(.ARM.Collect$$libinit$$00000000) refers (Special) to libinit2.o(.ARM.Collect$$libinit$$0000001B) for __rt_lib_init_atexit_1
    libinit.o(.ARM.Collect$$libinit$$00000000) refers (Special) to libinit2.o(.ARM.Collect$$libinit$$00000021) for __rt_lib_init_clock_1
    libinit.o(.ARM.Collect$$libinit$$00000000) refers (Special) to libinit2.o(.ARM.Collect$$libinit$$00000032) for __rt_lib_init_cpp_1
    libinit.o(.ARM.Collect$$libinit$$00000000) refers (Special) to libinit2.o(.ARM.Collect$$libinit$$00000030) for __rt_lib_init_exceptions_1
    libinit.o(.ARM.Collect$$libinit$$00000000) refers (Special) to libinit2.o(.ARM.Collect$$libinit$$00000002) for __rt_lib_init_fp_1
    libinit.o(.ARM.Collect$$libinit$$00000000) refers (Special) to libinit2.o(.ARM.Collect$$libinit$$0000001F) for __rt_lib_init_fp_trap_1
    libinit.o(.ARM.Collect$$libinit$$00000000) refers (Special) to libinit2.o(.ARM.Collect$$libinit$$00000023) for __rt_lib_init_getenv_1
    libinit.o(.ARM.Collect$$libinit$$00000000) refers (Special) to libinit2.o(.ARM.Collect$$libinit$$0000000A) for __rt_lib_init_heap_1
    libinit.o(.ARM.Collect$$libinit$$00000000) refers (Special) to libinit2.o(.ARM.Collect$$libinit$$00000011) for __rt_lib_init_lc_collate_1
    libinit.o(.ARM.Collect$$libinit$$00000000) refers (Special) to libinit2.o(.ARM.Collect$$libinit$$00000013) for __rt_lib_init_lc_ctype_1
    libinit.o(.ARM.Collect$$libinit$$00000000) refers (Special) to libinit2.o(.ARM.Collect$$libinit$$00000015) for __rt_lib_init_lc_monetary_1
    libinit.o(.ARM.Collect$$libinit$$00000000) refers (Special) to libinit2.o(.ARM.Collect$$libinit$$00000017) for __rt_lib_init_lc_numeric_1
    libinit.o(.ARM.Collect$$libinit$$00000000) refers (Special) to libinit2.o(.ARM.Collect$$libinit$$00000019) for __rt_lib_init_lc_time_1
    libinit.o(.ARM.Collect$$libinit$$00000000) refers (Special) to libinit2.o(.ARM.Collect$$libinit$$00000004) for __rt_lib_init_preinit_1
    libinit.o(.ARM.Collect$$libinit$$00000000) refers (Special) to libinit2.o(.ARM.Collect$$libinit$$0000000E) for __rt_lib_init_rand_1
    libinit.o(.ARM.Collect$$libinit$$00000000) refers (Special) to libinit2.o(.ARM.Collect$$libinit$$00000033) for __rt_lib_init_return
    libinit.o(.ARM.Collect$$libinit$$00000000) refers (Special) to libinit2.o(.ARM.Collect$$libinit$$0000001D) for __rt_lib_init_signal_1
    libinit.o(.ARM.Collect$$libinit$$00000000) refers (Special) to libinit2.o(.ARM.Collect$$libinit$$00000025) for __rt_lib_init_stdio_1
    libinit.o(.ARM.Collect$$libinit$$00000000) refers (Special) to libinit2.o(.ARM.Collect$$libinit$$0000000C) for __rt_lib_init_user_alloc_1
    libspace.o(.text) refers to libspace.o(.bss) for __libspace_start
    rtexit.o(.ARM.Collect$$rtexit$$00000000) refers (Special) to rtexit2.o(.ARM.Collect$$rtexit$$00000004) for __rt_exit_exit
    rtexit.o(.ARM.Collect$$rtexit$$00000000) refers (Special) to rtexit2.o(.ARM.Collect$$rtexit$$00000003) for __rt_exit_ls
    rtexit.o(.ARM.Collect$$rtexit$$00000000) refers (Special) to rtexit2.o(.ARM.Collect$$rtexit$$00000002) for __rt_exit_prels_1
    rtexit.o(.ARM.exidx) refers (Special) to rtexit2.o(.ARM.Collect$$rtexit$$00000004) for __rt_exit_exit
    rtexit.o(.ARM.exidx) refers (Special) to rtexit2.o(.ARM.Collect$$rtexit$$00000003) for __rt_exit_ls
    rtexit.o(.ARM.exidx) refers (Special) to rtexit2.o(.ARM.Collect$$rtexit$$00000002) for __rt_exit_prels_1
    rtexit.o(.ARM.exidx) refers to rtexit.o(.ARM.Collect$$rtexit$$00000000) for .ARM.Collect$$rtexit$$00000000
    libinit2.o(.ARM.Collect$$libinit$$00000010) refers to libinit2.o(.ARM.Collect$$libinit$$0000000F) for .ARM.Collect$$libinit$$0000000F
    libinit2.o(.ARM.Collect$$libinit$$00000012) refers to libinit2.o(.ARM.Collect$$libinit$$0000000F) for .ARM.Collect$$libinit$$0000000F
    libinit2.o(.ARM.Collect$$libinit$$00000014) refers to libinit2.o(.ARM.Collect$$libinit$$0000000F) for .ARM.Collect$$libinit$$0000000F
    libinit2.o(.ARM.Collect$$libinit$$00000016) refers to libinit2.o(.ARM.Collect$$libinit$$0000000F) for .ARM.Collect$$libinit$$0000000F
    libinit2.o(.ARM.Collect$$libinit$$00000018) refers to libinit2.o(.ARM.Collect$$libinit$$0000000F) for .ARM.Collect$$libinit$$0000000F
    libinit2.o(.ARM.Collect$$libinit$$00000026) refers to argv_veneer.o(.text) for __ARM_argv_veneer
    libinit2.o(.ARM.Collect$$libinit$$00000027) refers to argv_veneer.o(.text) for __ARM_argv_veneer
    rtexit2.o(.ARM.Collect$$rtexit$$00000003) refers to libshutdown.o(.ARM.Collect$$libshutdown$$00000000) for __rt_lib_shutdown
    rtexit2.o(.ARM.Collect$$rtexit$$00000004) refers to retarget.o(.text) for _sys_exit
    rtexit2.o(.ARM.exidx) refers to rtexit2.o(.ARM.Collect$$rtexit$$00000001) for .ARM.Collect$$rtexit$$00000001
    rtexit2.o(.ARM.exidx) refers to rtexit2.o(.ARM.Collect$$rtexit$$00000003) for .ARM.Collect$$rtexit$$00000003
    rtexit2.o(.ARM.exidx) refers to rtexit2.o(.ARM.Collect$$rtexit$$00000004) for .ARM.Collect$$rtexit$$00000004
    _get_argv_nomalloc.o(.text) refers (Special) to hrguard.o(.text) for __heap_region$guard
    _get_argv_nomalloc.o(.text) refers to defsig_rtmem_outer.o(.text) for __rt_SIGRTMEM
    _get_argv_nomalloc.o(.text) refers to sys_command.o(.text) for _sys_command_string
    libshutdown.o(.ARM.Collect$$libshutdown$$00000000) refers (Special) to libshutdown2.o(.ARM.Collect$$libshutdown$$00000004) for __rt_lib_shutdown_cpp_1
    libshutdown.o(.ARM.Collect$$libshutdown$$00000000) refers (Special) to libshutdown2.o(.ARM.Collect$$libshutdown$$00000002) for __rt_lib_shutdown_fini_1
    libshutdown.o(.ARM.Collect$$libshutdown$$00000000) refers (Special) to libshutdown2.o(.ARM.Collect$$libshutdown$$00000009) for __rt_lib_shutdown_fp_trap_1
    libshutdown.o(.ARM.Collect$$libshutdown$$00000000) refers (Special) to libshutdown2.o(.ARM.Collect$$libshutdown$$00000011) for __rt_lib_shutdown_heap_1
    libshutdown.o(.ARM.Collect$$libshutdown$$00000000) refers (Special) to libshutdown2.o(.ARM.Collect$$libshutdown$$00000012) for __rt_lib_shutdown_return
    libshutdown.o(.ARM.Collect$$libshutdown$$00000000) refers (Special) to libshutdown2.o(.ARM.Collect$$libshutdown$$0000000C) for __rt_lib_shutdown_signal_1
    libshutdown.o(.ARM.Collect$$libshutdown$$00000000) refers (Special) to libshutdown2.o(.ARM.Collect$$libshutdown$$00000006) for __rt_lib_shutdown_stdio_1
    libshutdown.o(.ARM.Collect$$libshutdown$$00000000) refers (Special) to libshutdown2.o(.ARM.Collect$$libshutdown$$0000000E) for __rt_lib_shutdown_user_alloc_1
    sys_command.o(.text) refers (Special) to use_no_semi.o(.text) for __I$use$semihosting
    sys_command.o(.text) refers (Special) to indicate_semi.o(.text) for __semihosting_library_function
    defsig_rtmem_outer.o(.text) refers to defsig_rtmem_inner.o(.text) for __rt_SIGRTMEM_inner
    defsig_rtmem_outer.o(.text) refers to defsig_exit.o(.text) for __sig_exit
    defsig_rtmem_formal.o(.text) refers to rt_raise.o(.text) for __rt_raise
    rt_raise.o(.text) refers to __raise.o(.text) for __raise
    rt_raise.o(.text) refers to retarget.o(.text) for _sys_exit
    defsig_exit.o(.text) refers to retarget.o(.text) for _sys_exit
    defsig_rtmem_inner.o(.text) refers to defsig_general.o(.text) for __default_signal_display
    __raise.o(.text) refers to defsig.o(CL$$defsig) for __default_signal_handler
    defsig_general.o(.text) refers to retarget.o(.text) for _ttywrch
    defsig.o(CL$$defsig) refers to defsig_rtmem_inner.o(.text) for __rt_SIGRTMEM_inner
    defsig_abrt_inner.o(.text) refers to defsig_general.o(.text) for __default_signal_display
    defsig_fpe_inner.o(.text) refers to defsig_general.o(.text) for __default_signal_display
    defsig_rtred_inner.o(.text) refers to defsig_general.o(.text) for __default_signal_display
    defsig_stak_inner.o(.text) refers to defsig_general.o(.text) for __default_signal_display
    defsig_pvfn_inner.o(.text) refers to defsig_general.o(.text) for __default_signal_display
    defsig_cppl_inner.o(.text) refers to defsig_general.o(.text) for __default_signal_display
    defsig_segv_inner.o(.text) refers to defsig_general.o(.text) for __default_signal_display
    defsig_other.o(.text) refers to defsig_general.o(.text) for __default_signal_display


==============================================================================

Removing Unused input sections from the image.

    Removing edk_api.o(.rev16_text), (4 bytes).
    Removing edk_api.o(.revsh_text), (4 bytes).
    Removing edk_driver.o(.rev16_text), (4 bytes).
    Removing edk_driver.o(.revsh_text), (4 bytes).
    Removing main.o(.rev16_text), (4 bytes).
    Removing main.o(.revsh_text), (4 bytes).
    Removing retarget.o(.rev16_text), (4 bytes).
    Removing retarget.o(.revsh_text), (4 bytes).
    Removing retarget.o(.data), (4 bytes).

9 unused section(s) (total 36 bytes) removed from the image.

==============================================================================

Image Symbol Table

    Local Symbols

    Symbol Name                              Value     Ov Type        Size  Object(Section)

    RESET                                    0x00000000   Section      128  cm0dsasm.o(RESET)
    ../clib/angel/boardlib.s                 0x00000000   Number         0  boardinit3.o ABSOLUTE
    ../clib/angel/boardlib.s                 0x00000000   Number         0  boardinit2.o ABSOLUTE
    ../clib/angel/boardlib.s                 0x00000000   Number         0  boardinit1.o ABSOLUTE
    ../clib/angel/boardlib.s                 0x00000000   Number         0  boardshut.o ABSOLUTE
    ../clib/angel/handlers.s                 0x00000000   Number         0  __scatter_zi.o ABSOLUTE
    ../clib/angel/kernel.s                   0x00000000   Number         0  __rtentry4.o ABSOLUTE
    ../clib/angel/kernel.s                   0x00000000   Number         0  __rtentry2.o ABSOLUTE
    ../clib/angel/kernel.s                   0x00000000   Number         0  rtexit2.o ABSOLUTE
    ../clib/angel/kernel.s                   0x00000000   Number         0  __rtentry.o ABSOLUTE
    ../clib/angel/kernel.s                   0x00000000   Number         0  rtexit.o ABSOLUTE
    ../clib/angel/rt.s                       0x00000000   Number         0  rt_raise.o ABSOLUTE
    ../clib/angel/scatterp.s                 0x00000000   Number         0  __scatter.o ABSOLUTE
    ../clib/angel/startup.s                  0x00000000   Number         0  __main.o ABSOLUTE
    ../clib/angel/sys.s                      0x00000000   Number         0  tempstk.o ABSOLUTE
    ../clib/angel/sys.s                      0x00000000   Number         0  libspace.o ABSOLUTE
    ../clib/angel/sys.s                      0x00000000   Number         0  sys_stackheap_outer.o ABSOLUTE
    ../clib/angel/sys.s                      0x00000000   Number         0  use_no_semi.o ABSOLUTE
    ../clib/angel/sys.s                      0x00000000   Number         0  indicate_semi.o ABSOLUTE
    ../clib/angel/sysapp.c                   0x00000000   Number         0  sys_command.o ABSOLUTE
    ../clib/armsys.c                         0x00000000   Number         0  argv_veneer.o ABSOLUTE
    ../clib/armsys.c                         0x00000000   Number         0  _get_argv_nomalloc.o ABSOLUTE
    ../clib/armsys.c                         0x00000000   Number         0  no_argv.o ABSOLUTE
    ../clib/heapalloc.c                      0x00000000   Number         0  hrguard.o ABSOLUTE
    ../clib/heapaux.c                        0x00000000   Number         0  heapauxi.o ABSOLUTE
    ../clib/libinit.s                        0x00000000   Number         0  libshutdown2.o ABSOLUTE
    ../clib/libinit.s                        0x00000000   Number         0  libinit.o ABSOLUTE
    ../clib/libinit.s                        0x00000000   Number         0  libinit2.o ABSOLUTE
    ../clib/libinit.s                        0x00000000   Number         0  libshutdown.o ABSOLUTE
    ../clib/memcpset.c                       0x00000000   Number         0  rt_memclr.o ABSOLUTE
    ../clib/printf.c                         0x00000000   Number         0  _printf_char_common.o ABSOLUTE
    ../clib/printf.c                         0x00000000   Number         0  _printf_char.o ABSOLUTE
    ../clib/printf.c                         0x00000000   Number         0  __printf_nopercent.o ABSOLUTE
    ../clib/printf.c                         0x00000000   Number         0  __2printf.o ABSOLUTE
    ../clib/printf.c                         0x00000000   Number         0  __printf_ss.o ABSOLUTE
    ../clib/printf.c                         0x00000000   Number         0  noretval__2printf.o ABSOLUTE
    ../clib/printf.c                         0x00000000   Number         0  __printf.o ABSOLUTE
    ../clib/printf.c                         0x00000000   Number         0  _printf_str.o ABSOLUTE
    ../clib/printf.c                         0x00000000   Number         0  __printf_flags.o ABSOLUTE
    ../clib/printf.c                         0x00000000   Number         0  __printf_flags_ss.o ABSOLUTE
    ../clib/printf.c                         0x00000000   Number         0  __printf_wp.o ABSOLUTE
    ../clib/printf.c                         0x00000000   Number         0  __printf_flags_wp.o ABSOLUTE
    ../clib/printf.c                         0x00000000   Number         0  __printf_ss_wp.o ABSOLUTE
    ../clib/printf.c                         0x00000000   Number         0  __printf_flags_ss_wp.o ABSOLUTE
    ../clib/printf.c                         0x00000000   Number         0  _printf_char_file.o ABSOLUTE
    ../clib/printf_percent.s                 0x00000000   Number         0  _printf_s.o ABSOLUTE
    ../clib/printf_percent.s                 0x00000000   Number         0  _printf_percent.o ABSOLUTE
    ../clib/printf_percent.s                 0x00000000   Number         0  _printf_percent_end.o ABSOLUTE
    ../clib/signal.c                         0x00000000   Number         0  defsig_general.o ABSOLUTE
    ../clib/signal.c                         0x00000000   Number         0  defsig_exit.o ABSOLUTE
    ../clib/signal.c                         0x00000000   Number         0  defsig_rtmem_inner.o ABSOLUTE
    ../clib/signal.c                         0x00000000   Number         0  __raise.o ABSOLUTE
    ../clib/signal.c                         0x00000000   Number         0  defsig_abrt_inner.o ABSOLUTE
    ../clib/signal.c                         0x00000000   Number         0  defsig_fpe_inner.o ABSOLUTE
    ../clib/signal.c                         0x00000000   Number         0  defsig_rtred_inner.o ABSOLUTE
    ../clib/signal.c                         0x00000000   Number         0  defsig_stak_inner.o ABSOLUTE
    ../clib/signal.c                         0x00000000   Number         0  defsig_pvfn_inner.o ABSOLUTE
    ../clib/signal.c                         0x00000000   Number         0  defsig_cppl_inner.o ABSOLUTE
    ../clib/signal.c                         0x00000000   Number         0  defsig_rtmem_outer.o ABSOLUTE
    ../clib/signal.c                         0x00000000   Number         0  defsig_segv_inner.o ABSOLUTE
    ../clib/signal.c                         0x00000000   Number         0  defsig_other.o ABSOLUTE
    ../clib/signal.c                         0x00000000   Number         0  defsig_rtmem_formal.o ABSOLUTE
    ../clib/signal.s                         0x00000000   Number         0  defsig.o ABSOLUTE
    ../clib/stdlib.c                         0x00000000   Number         0  exit.o ABSOLUTE
    ../fplib/cfplib/fpinit.c                 0x00000000   Number         0  fpinit.o ABSOLUTE
    Application\\edk_api.c                   0x00000000   Number         0  edk_api.o ABSOLUTE
    Application\\edk_driver.c                0x00000000   Number         0  edk_driver.o ABSOLUTE
    Application\\main.c                      0x00000000   Number         0  main.o ABSOLUTE
    Application\\retarget.c                  0x00000000   Number         0  retarget.o ABSOLUTE
    Application\cm0dsasm.s                   0x00000000   Number         0  cm0dsasm.o ABSOLUTE
    Application\edk_api.c                    0x00000000   Number         0  edk_api.o ABSOLUTE
    Application\edk_driver.c                 0x00000000   Number         0  edk_driver.o ABSOLUTE
    Application\main.c                       0x00000000   Number         0  main.o ABSOLUTE
    Application\retarget.c                   0x00000000   Number         0  retarget.o ABSOLUTE
    dc.s                                     0x00000000   Number         0  dc.o ABSOLUTE
    !!!main                                  0x00000080   Section        8  __main.o(!!!main)
    !!!scatter                               0x00000088   Section       60  __scatter.o(!!!scatter)
    !!handler_zi                             0x000000c4   Section       28  __scatter_zi.o(!!handler_zi)
    .ARM.Collect$$_printf_percent$$00000000  0x000000e0   Section        2  _printf_percent.o(.ARM.Collect$$_printf_percent$$00000000)
    .ARM.Collect$$_printf_percent$$00000014  0x000000e2   Section       10  _printf_s.o(.ARM.Collect$$_printf_percent$$00000014)
    .ARM.Collect$$_printf_percent$$00000017  0x000000ec   Section        4  _printf_percent_end.o(.ARM.Collect$$_printf_percent$$00000017)
    .ARM.Collect$$libinit$$00000000          0x000000f0   Section        2  libinit.o(.ARM.Collect$$libinit$$00000000)
    .ARM.Collect$$libinit$$00000002          0x000000f2   Section        0  libinit2.o(.ARM.Collect$$libinit$$00000002)
    .ARM.Collect$$libinit$$00000004          0x000000f2   Section        0  libinit2.o(.ARM.Collect$$libinit$$00000004)
    .ARM.Collect$$libinit$$0000000A          0x000000f2   Section        0  libinit2.o(.ARM.Collect$$libinit$$0000000A)
    .ARM.Collect$$libinit$$0000000C          0x000000f2   Section        0  libinit2.o(.ARM.Collect$$libinit$$0000000C)
    .ARM.Collect$$libinit$$0000000E          0x000000f2   Section        0  libinit2.o(.ARM.Collect$$libinit$$0000000E)
    .ARM.Collect$$libinit$$00000011          0x000000f2   Section        0  libinit2.o(.ARM.Collect$$libinit$$00000011)
    .ARM.Collect$$libinit$$00000013          0x000000f2   Section        0  libinit2.o(.ARM.Collect$$libinit$$00000013)
    .ARM.Collect$$libinit$$00000015          0x000000f2   Section        0  libinit2.o(.ARM.Collect$$libinit$$00000015)
    .ARM.Collect$$libinit$$00000017          0x000000f2   Section        0  libinit2.o(.ARM.Collect$$libinit$$00000017)
    .ARM.Collect$$libinit$$00000019          0x000000f2   Section        0  libinit2.o(.ARM.Collect$$libinit$$00000019)
    .ARM.Collect$$libinit$$0000001B          0x000000f2   Section        0  libinit2.o(.ARM.Collect$$libinit$$0000001B)
    .ARM.Collect$$libinit$$0000001D          0x000000f2   Section        0  libinit2.o(.ARM.Collect$$libinit$$0000001D)
    .ARM.Collect$$libinit$$0000001F          0x000000f2   Section        0  libinit2.o(.ARM.Collect$$libinit$$0000001F)
    .ARM.Collect$$libinit$$00000021          0x000000f2   Section        0  libinit2.o(.ARM.Collect$$libinit$$00000021)
    .ARM.Collect$$libinit$$00000023          0x000000f2   Section        0  libinit2.o(.ARM.Collect$$libinit$$00000023)
    .ARM.Collect$$libinit$$00000025          0x000000f2   Section        0  libinit2.o(.ARM.Collect$$libinit$$00000025)
    .ARM.Collect$$libinit$$0000002C          0x000000f2   Section        0  libinit2.o(.ARM.Collect$$libinit$$0000002C)
    .ARM.Collect$$libinit$$0000002E          0x000000f2   Section        0  libinit2.o(.ARM.Collect$$libinit$$0000002E)
    .ARM.Collect$$libinit$$00000030          0x000000f2   Section        0  libinit2.o(.ARM.Collect$$libinit$$00000030)
    .ARM.Collect$$libinit$$00000032          0x000000f2   Section        0  libinit2.o(.ARM.Collect$$libinit$$00000032)
    .ARM.Collect$$libinit$$00000033          0x000000f2   Section        2  libinit2.o(.ARM.Collect$$libinit$$00000033)
    .ARM.Collect$$libshutdown$$00000000      0x000000f4   Section        2  libshutdown.o(.ARM.Collect$$libshutdown$$00000000)
    .ARM.Collect$$libshutdown$$00000002      0x000000f6   Section        0  libshutdown2.o(.ARM.Collect$$libshutdown$$00000002)
    .ARM.Collect$$libshutdown$$00000004      0x000000f6   Section        0  libshutdown2.o(.ARM.Collect$$libshutdown$$00000004)
    .ARM.Collect$$libshutdown$$00000006      0x000000f6   Section        0  libshutdown2.o(.ARM.Collect$$libshutdown$$00000006)
    .ARM.Collect$$libshutdown$$00000009      0x000000f6   Section        0  libshutdown2.o(.ARM.Collect$$libshutdown$$00000009)
    .ARM.Collect$$libshutdown$$0000000C      0x000000f6   Section        0  libshutdown2.o(.ARM.Collect$$libshutdown$$0000000C)
    .ARM.Collect$$libshutdown$$0000000E      0x000000f6   Section        0  libshutdown2.o(.ARM.Collect$$libshutdown$$0000000E)
    .ARM.Collect$$libshutdown$$00000011      0x000000f6   Section        0  libshutdown2.o(.ARM.Collect$$libshutdown$$00000011)
    .ARM.Collect$$libshutdown$$00000012      0x000000f6   Section        2  libshutdown2.o(.ARM.Collect$$libshutdown$$00000012)
    .ARM.Collect$$rtentry$$00000000          0x000000f8   Section        0  __rtentry.o(.ARM.Collect$$rtentry$$00000000)
    .ARM.Collect$$rtentry$$00000002          0x000000f8   Section        0  __rtentry2.o(.ARM.Collect$$rtentry$$00000002)
    .ARM.Collect$$rtentry$$00000004          0x000000f8   Section        6  __rtentry4.o(.ARM.Collect$$rtentry$$00000004)
    .ARM.Collect$$rtentry$$00000009          0x000000fe   Section        0  __rtentry2.o(.ARM.Collect$$rtentry$$00000009)
    .ARM.Collect$$rtentry$$0000000A          0x000000fe   Section        4  __rtentry2.o(.ARM.Collect$$rtentry$$0000000A)
    .ARM.Collect$$rtentry$$0000000C          0x00000102   Section        0  __rtentry2.o(.ARM.Collect$$rtentry$$0000000C)
    .ARM.Collect$$rtentry$$0000000D          0x00000102   Section        8  __rtentry2.o(.ARM.Collect$$rtentry$$0000000D)
    .ARM.Collect$$rtexit$$00000000           0x0000010a   Section        2  rtexit.o(.ARM.Collect$$rtexit$$00000000)
    .ARM.Collect$$rtexit$$00000002           0x0000010c   Section        0  rtexit2.o(.ARM.Collect$$rtexit$$00000002)
    .ARM.Collect$$rtexit$$00000003           0x0000010c   Section        4  rtexit2.o(.ARM.Collect$$rtexit$$00000003)
    .ARM.Collect$$rtexit$$00000004           0x00000110   Section        6  rtexit2.o(.ARM.Collect$$rtexit$$00000004)
    .text                                    0x00000118   Section       52  cm0dsasm.o(.text)
    .text                                    0x0000014c   Section        0  edk_api.o(.text)
    NVIC_SetPriority                         0x0000014d   Thumb Code    60  edk_api.o(.text)
    .text                                    0x000003a8   Section        0  edk_driver.o(.text)
    .text                                    0x00000418   Section        0  main.o(.text)
    NVIC_DisableIRQ                          0x00000a71   Thumb Code    14  main.o(.text)
    .text                                    0x00000a9c   Section        0  retarget.o(.text)
    .text                                    0x00000ada   Section        2  use_no_semi.o(.text)
    .text                                    0x00000adc   Section        0  noretval__2printf.o(.text)
    .text                                    0x00000af8   Section        0  __printf.o(.text)
    .text                                    0x00000b64   Section        0  _printf_str.o(.text)
    .text                                    0x00000bb6   Section        0  rt_memclr.o(.text)
    .text                                    0x00000bf6   Section        0  heapauxi.o(.text)
    .text                                    0x00000bfc   Section        0  _printf_char.o(.text)
    .text                                    0x00000c2c   Section        0  _printf_char_file.o(.text)
    .text                                    0x00000c54   Section        0  _printf_char_common.o(.text)
    _printf_input_char                       0x00000c55   Thumb Code    10  _printf_char_common.o(.text)
    .text                                    0x00000c84   Section       62  sys_stackheap_outer.o(.text)
    .text                                    0x00000cc2   Section        0  exit.o(.text)
    .text                                    0x00000cd4   Section        8  libspace.o(.text)
    i.__ARM_common_switch8                   0x00000cdc   Section        0  main.o(i.__ARM_common_switch8)
    .data                                    0x00000d08   Section        4  edk_api.o(.data)
    dig1                                     0x00000d08   Data           1  edk_api.o(.data)
    dig2                                     0x00000d09   Data           1  edk_api.o(.data)
    dig3                                     0x00000d0a   Data           1  edk_api.o(.data)
    dig4                                     0x00000d0b   Data           1  edk_api.o(.data)
    .data                                    0x00000d0c   Section       32  main.o(.data)
    key                                      0x00000d0c   Data           1  main.o(.data)
    .data                                    0x00000d2c   Section        4  retarget.o(.data)
    .bss                                     0x00000d30   Section       72  main.o(.bss)
    .bss                                     0x00000d78   Section       96  libspace.o(.bss)
    HEAP                                     0x00000de0   Section     1024  cm0dsasm.o(HEAP)
    Heap_Mem                                 0x00000de0   Data        1024  cm0dsasm.o(HEAP)
    STACK                                    0x000011e0   Section     1024  cm0dsasm.o(STACK)
    Stack_Mem                                0x000011e0   Data        1024  cm0dsasm.o(STACK)

    Global Symbols

    Symbol Name                              Value     Ov Type        Size  Object(Section)

    BuildAttributes$$THM_ISAv3M$S$PE$A:L22$X:L11$S22$IEEE1$IW$USESV6$~STKCKD$USESV7$~SHL$OSPACE$ROPI$EBA8$UX$STANDARDLIB$REQ8$PRES8$EABIv2 0x00000000   Number         0  anon$$obj.o ABSOLUTE
    __ARM_use_no_argv                        0x00000000   Number         0  main.o ABSOLUTE
    __Vectors                                0x00000000   Data           4  cm0dsasm.o(RESET)
    __ARM_exceptions_init                     - Undefined Weak Reference
    __alloca_initialize                       - Undefined Weak Reference
    __arm_fini_                               - Undefined Weak Reference
    __arm_preinit_                            - Undefined Weak Reference
    __cpp_initialize__aeabi_                  - Undefined Weak Reference
    __cxa_finalize                            - Undefined Weak Reference
    __rt_locale                               - Undefined Weak Reference
    __sigvec_lookup                           - Undefined Weak Reference
    _atexit_init                              - Undefined Weak Reference
    _call_atexit_fns                          - Undefined Weak Reference
    _clock_init                               - Undefined Weak Reference
    _fp_trap_init                             - Undefined Weak Reference
    _fp_trap_shutdown                         - Undefined Weak Reference
    _get_lc_collate                           - Undefined Weak Reference
    _get_lc_ctype                             - Undefined Weak Reference
    _get_lc_monetary                          - Undefined Weak Reference
    _get_lc_numeric                           - Undefined Weak Reference
    _get_lc_time                              - Undefined Weak Reference
    _getenv_init                              - Undefined Weak Reference
    _handle_redirection                       - Undefined Weak Reference
    _init_alloc                               - Undefined Weak Reference
    _init_user_alloc                          - Undefined Weak Reference
    _initio                                   - Undefined Weak Reference
    _printf_mbtowc                            - Undefined Weak Reference
    _printf_post_padding                      - Undefined Weak Reference
    _printf_pre_padding                       - Undefined Weak Reference
    _rand_init                                - Undefined Weak Reference
    _signal_finish                            - Undefined Weak Reference
    _signal_init                              - Undefined Weak Reference
    _terminate_alloc                          - Undefined Weak Reference
    _terminate_user_alloc                     - Undefined Weak Reference
    _terminateio                              - Undefined Weak Reference
    __main                                   0x00000081   Thumb Code     8  __main.o(!!!main)
    __scatterload                            0x00000089   Thumb Code     0  __scatter.o(!!!scatter)
    __scatterload_rt2                        0x00000089   Thumb Code    52  __scatter.o(!!!scatter)
    __scatterload_rt2_thumb_only             0x00000089   Thumb Code     0  __scatter.o(!!!scatter)
    __scatterload_null                       0x00000099   Thumb Code     0  __scatter.o(!!!scatter)
    __scatterload_zeroinit                   0x000000c5   Thumb Code    28  __scatter_zi.o(!!handler_zi)
    _printf_percent                          0x000000e1   Thumb Code     0  _printf_percent.o(.ARM.Collect$$_printf_percent$$00000000)
    _printf_s                                0x000000e3   Thumb Code     0  _printf_s.o(.ARM.Collect$$_printf_percent$$00000014)
    _printf_percent_end                      0x000000ed   Thumb Code     0  _printf_percent_end.o(.ARM.Collect$$_printf_percent$$00000017)
    __rt_lib_init                            0x000000f1   Thumb Code     0  libinit.o(.ARM.Collect$$libinit$$00000000)
    __rt_lib_init_alloca_1                   0x000000f3   Thumb Code     0  libinit2.o(.ARM.Collect$$libinit$$0000002E)
    __rt_lib_init_argv_1                     0x000000f3   Thumb Code     0  libinit2.o(.ARM.Collect$$libinit$$0000002C)
    __rt_lib_init_atexit_1                   0x000000f3   Thumb Code     0  libinit2.o(.ARM.Collect$$libinit$$0000001B)
    __rt_lib_init_clock_1                    0x000000f3   Thumb Code     0  libinit2.o(.ARM.Collect$$libinit$$00000021)
    __rt_lib_init_cpp_1                      0x000000f3   Thumb Code     0  libinit2.o(.ARM.Collect$$libinit$$00000032)
    __rt_lib_init_exceptions_1               0x000000f3   Thumb Code     0  libinit2.o(.ARM.Collect$$libinit$$00000030)
    __rt_lib_init_fp_1                       0x000000f3   Thumb Code     0  libinit2.o(.ARM.Collect$$libinit$$00000002)
    __rt_lib_init_fp_trap_1                  0x000000f3   Thumb Code     0  libinit2.o(.ARM.Collect$$libinit$$0000001F)
    __rt_lib_init_getenv_1                   0x000000f3   Thumb Code     0  libinit2.o(.ARM.Collect$$libinit$$00000023)
    __rt_lib_init_heap_1                     0x000000f3   Thumb Code     0  libinit2.o(.ARM.Collect$$libinit$$0000000A)
    __rt_lib_init_lc_collate_1               0x000000f3   Thumb Code     0  libinit2.o(.ARM.Collect$$libinit$$00000011)
    __rt_lib_init_lc_ctype_1                 0x000000f3   Thumb Code     0  libinit2.o(.ARM.Collect$$libinit$$00000013)
    __rt_lib_init_lc_monetary_1              0x000000f3   Thumb Code     0  libinit2.o(.ARM.Collect$$libinit$$00000015)
    __rt_lib_init_lc_numeric_1               0x000000f3   Thumb Code     0  libinit2.o(.ARM.Collect$$libinit$$00000017)
    __rt_lib_init_lc_time_1                  0x000000f3   Thumb Code     0  libinit2.o(.ARM.Collect$$libinit$$00000019)
    __rt_lib_init_preinit_1                  0x000000f3   Thumb Code     0  libinit2.o(.ARM.Collect$$libinit$$00000004)
    __rt_lib_init_rand_1                     0x000000f3   Thumb Code     0  libinit2.o(.ARM.Collect$$libinit$$0000000E)
    __rt_lib_init_return                     0x000000f3   Thumb Code     0  libinit2.o(.ARM.Collect$$libinit$$00000033)
    __rt_lib_init_signal_1                   0x000000f3   Thumb Code     0  libinit2.o(.ARM.Collect$$libinit$$0000001D)
    __rt_lib_init_stdio_1                    0x000000f3   Thumb Code     0  libinit2.o(.ARM.Collect$$libinit$$00000025)
    __rt_lib_init_user_alloc_1               0x000000f3   Thumb Code     0  libinit2.o(.ARM.Collect$$libinit$$0000000C)
    __rt_lib_shutdown                        0x000000f5   Thumb Code     0  libshutdown.o(.ARM.Collect$$libshutdown$$00000000)
    __rt_lib_shutdown_cpp_1                  0x000000f7   Thumb Code     0  libshutdown2.o(.ARM.Collect$$libshutdown$$00000004)
    __rt_lib_shutdown_fini_1                 0x000000f7   Thumb Code     0  libshutdown2.o(.ARM.Collect$$libshutdown$$00000002)
    __rt_lib_shutdown_fp_trap_1              0x000000f7   Thumb Code     0  libshutdown2.o(.ARM.Collect$$libshutdown$$00000009)
    __rt_lib_shutdown_heap_1                 0x000000f7   Thumb Code     0  libshutdown2.o(.ARM.Collect$$libshutdown$$00000011)
    __rt_lib_shutdown_return                 0x000000f7   Thumb Code     0  libshutdown2.o(.ARM.Collect$$libshutdown$$00000012)
    __rt_lib_shutdown_signal_1               0x000000f7   Thumb Code     0  libshutdown2.o(.ARM.Collect$$libshutdown$$0000000C)
    __rt_lib_shutdown_stdio_1                0x000000f7   Thumb Code     0  libshutdown2.o(.ARM.Collect$$libshutdown$$00000006)
    __rt_lib_shutdown_user_alloc_1           0x000000f7   Thumb Code     0  libshutdown2.o(.ARM.Collect$$libshutdown$$0000000E)
    __rt_entry                               0x000000f9   Thumb Code     0  __rtentry.o(.ARM.Collect$$rtentry$$00000000)
    __rt_entry_presh_1                       0x000000f9   Thumb Code     0  __rtentry2.o(.ARM.Collect$$rtentry$$00000002)
    __rt_entry_sh                            0x000000f9   Thumb Code     0  __rtentry4.o(.ARM.Collect$$rtentry$$00000004)
    __rt_entry_li                            0x000000ff   Thumb Code     0  __rtentry2.o(.ARM.Collect$$rtentry$$0000000A)
    __rt_entry_postsh_1                      0x000000ff   Thumb Code     0  __rtentry2.o(.ARM.Collect$$rtentry$$00000009)
    __rt_entry_main                          0x00000103   Thumb Code     0  __rtentry2.o(.ARM.Collect$$rtentry$$0000000D)
    __rt_entry_postli_1                      0x00000103   Thumb Code     0  __rtentry2.o(.ARM.Collect$$rtentry$$0000000C)
    __rt_exit                                0x0000010b   Thumb Code     0  rtexit.o(.ARM.Collect$$rtexit$$00000000)
    __rt_exit_ls                             0x0000010d   Thumb Code     0  rtexit2.o(.ARM.Collect$$rtexit$$00000003)
    __rt_exit_prels_1                        0x0000010d   Thumb Code     0  rtexit2.o(.ARM.Collect$$rtexit$$00000002)
    __rt_exit_exit                           0x00000111   Thumb Code     0  rtexit2.o(.ARM.Collect$$rtexit$$00000004)
    Reset_Handler                            0x00000119   Thumb Code     4  cm0dsasm.o(.text)
    Timer_Handler                            0x0000011d   Thumb Code     8  cm0dsasm.o(.text)
    UART_Handler                             0x00000125   Thumb Code     8  cm0dsasm.o(.text)
    __user_initial_stackheap                 0x0000012d   Thumb Code     0  cm0dsasm.o(.text)
    clear_screen                             0x00000189   Thumb Code    30  edk_api.o(.text)
    SoC_init                                 0x000001a7   Thumb Code    42  edk_api.o(.text)
    Display_Int_Times                        0x000001d1   Thumb Code    68  edk_api.o(.text)
    rectangle                                0x00000215   Thumb Code    44  edk_api.o(.text)
    read_switch                              0x00000241   Thumb Code     8  edk_api.o(.text)
    write_LED                                0x00000249   Thumb Code     8  edk_api.o(.text)
    delay                                    0x00000251   Thumb Code    12  edk_api.o(.text)
    random                                   0x0000025d   Thumb Code    30  edk_api.o(.text)
    draw_X                                   0x0000027b   Thumb Code    68  edk_api.o(.text)
    draw_tlbr                                0x000002bf   Thumb Code    36  edk_api.o(.text)
    draw_trbl                                0x000002e3   Thumb Code    36  edk_api.o(.text)
    draw_O                                   0x00000307   Thumb Code   150  edk_api.o(.text)
    VGA_plot_pixel                           0x000003a9   Thumb Code    16  edk_driver.o(.text)
    seven_seg_write                          0x000003b9   Thumb Code    16  edk_driver.o(.text)
    timer_init                               0x000003c9   Thumb Code    30  edk_driver.o(.text)
    timer_enable                             0x000003e7   Thumb Code    14  edk_driver.o(.text)
    timer_irq_clear                          0x000003f5   Thumb Code    10  edk_driver.o(.text)
    GPIO_read                                0x000003ff   Thumb Code    12  edk_driver.o(.text)
    GPIO_write                               0x0000040b   Thumb Code    12  edk_driver.o(.text)
    Game_Init                                0x00000419   Thumb Code   204  main.o(.text)
    GameOver                                 0x000004e5   Thumb Code    78  main.o(.text)
    checkWinner                              0x00000533   Thumb Code    94  main.o(.text)
    Game_Close                               0x00000591   Thumb Code    32  main.o(.text)
    UART_ISR                                 0x000005b1   Thumb Code  1192  main.o(.text)
    Timer_ISR                                0x00000a59   Thumb Code    12  main.o(.text)
    main                                     0x00000a65   Thumb Code    12  main.o(.text)
    VGAPutc                                  0x00000a9d   Thumb Code     8  retarget.o(.text)
    UartPutc                                 0x00000aa5   Thumb Code     8  retarget.o(.text)
    UartGetc                                 0x00000aad   Thumb Code    10  retarget.o(.text)
    KBHIT                                    0x00000ab7   Thumb Code    18  retarget.o(.text)
    fputc                                    0x00000ac9   Thumb Code     4  retarget.o(.text)
    fgetc                                    0x00000acd   Thumb Code     2  retarget.o(.text)
    ferror                                   0x00000acf   Thumb Code     6  retarget.o(.text)
    _ttywrch                                 0x00000ad5   Thumb Code     4  retarget.o(.text)
    _sys_exit                                0x00000ad9   Thumb Code     2  retarget.o(.text)
    __I$use$semihosting                      0x00000adb   Thumb Code     0  use_no_semi.o(.text)
    __use_no_semihosting_swi                 0x00000adb   Thumb Code     2  use_no_semi.o(.text)
    __2printf                                0x00000add   Thumb Code    22  noretval__2printf.o(.text)
    __printf                                 0x00000af9   Thumb Code   108  __printf.o(.text)
    _printf_str                              0x00000b65   Thumb Code    82  _printf_str.o(.text)
    _memset_w                                0x00000bb7   Thumb Code    26  rt_memclr.o(.text)
    _memset                                  0x00000bd1   Thumb Code    30  rt_memclr.o(.text)
    __aeabi_memclr                           0x00000bef   Thumb Code     4  rt_memclr.o(.text)
    __rt_memclr                              0x00000bef   Thumb Code     0  rt_memclr.o(.text)
    __aeabi_memclr4                          0x00000bf3   Thumb Code     0  rt_memclr.o(.text)
    __aeabi_memclr8                          0x00000bf3   Thumb Code     0  rt_memclr.o(.text)
    __rt_memclr_w                            0x00000bf3   Thumb Code     4  rt_memclr.o(.text)
    __use_two_region_memory                  0x00000bf7   Thumb Code     2  heapauxi.o(.text)
    __rt_heap_escrow$2region                 0x00000bf9   Thumb Code     2  heapauxi.o(.text)
    __rt_heap_expand$2region                 0x00000bfb   Thumb Code     2  heapauxi.o(.text)
    _printf_cs_common                        0x00000bfd   Thumb Code    22  _printf_char.o(.text)
    _printf_char                             0x00000c13   Thumb Code    16  _printf_char.o(.text)
    _printf_string                           0x00000c23   Thumb Code     8  _printf_char.o(.text)
    _printf_char_file                        0x00000c2d   Thumb Code    34  _printf_char_file.o(.text)
    _printf_char_common                      0x00000c5f   Thumb Code    32  _printf_char_common.o(.text)
    __user_setup_stackheap                   0x00000c85   Thumb Code    62  sys_stackheap_outer.o(.text)
    exit                                     0x00000cc3   Thumb Code    16  exit.o(.text)
    __user_libspace                          0x00000cd5   Thumb Code     8  libspace.o(.text)
    __user_perproc_libspace                  0x00000cd5   Thumb Code     0  libspace.o(.text)
    __user_perthread_libspace                0x00000cd5   Thumb Code     0  libspace.o(.text)
    __ARM_common_switch8                     0x00000cdd   Thumb Code    26  main.o(i.__ARM_common_switch8)
    Region$$Table$$Base                      0x00000cf8   Number         0  anon$$obj.o(Region$$Table)
    Region$$Table$$Limit                     0x00000d08   Number         0  anon$$obj.o(Region$$Table)
    player1                                  0x00000d10   Data           4  main.o(.data)
    player2                                  0x00000d14   Data           4  main.o(.data)
    player1_name                             0x00000d18   Data          10  main.o(.data)
    player2_name                             0x00000d22   Data          10  main.o(.data)
    __stdout                                 0x00000d2c   Data           4  retarget.o(.data)
    player1_array                            0x00000d30   Data          36  main.o(.bss)
    player2_array                            0x00000d54   Data          36  main.o(.bss)
    __libspace_start                         0x00000d78   Data          96  libspace.o(.bss)
    __temporary_stack_top$libspace           0x00000dd8   Data           0  libspace.o(.bss)



==============================================================================

Memory Map of the image

  Image Entry point : 0x00000119

  Load Region LR_1 (Base: 0x00000000, Size: 0x00000d30, Max: 0xffffffff, ABSOLUTE)

    Execution Region ER_RO (Exec base: 0x00000000, Load base: 0x00000000, Size: 0x00000d08, Max: 0xffffffff, ABSOLUTE)

    Exec Addr    Load Addr    Size         Type   Attr      Idx    E Section Name        Object

    0x00000000   0x00000000   0x00000080   Data   RO            3    RESET               cm0dsasm.o
    0x00000080   0x00000080   0x00000008   Code   RO          206  * !!!main             c_p.l(__main.o)
    0x00000088   0x00000088   0x0000003c   Code   RO          370    !!!scatter          c_p.l(__scatter.o)
    0x000000c4   0x000000c4   0x0000001c   Code   RO          372    !!handler_zi        c_p.l(__scatter_zi.o)
    0x000000e0   0x000000e0   0x00000002   Code   RO          201    .ARM.Collect$$_printf_percent$$00000000  c_p.l(_printf_percent.o)
    0x000000e2   0x000000e2   0x0000000a   Code   RO          200    .ARM.Collect$$_printf_percent$$00000014  c_p.l(_printf_s.o)
    0x000000ec   0x000000ec   0x00000004   Code   RO          213    .ARM.Collect$$_printf_percent$$00000017  c_p.l(_printf_percent_end.o)
    0x000000f0   0x000000f0   0x00000002   Code   RO          243    .ARM.Collect$$libinit$$00000000  c_p.l(libinit.o)
    0x000000f2   0x000000f2   0x00000000   Code   RO          251    .ARM.Collect$$libinit$$00000002  c_p.l(libinit2.o)
    0x000000f2   0x000000f2   0x00000000   Code   RO          253    .ARM.Collect$$libinit$$00000004  c_p.l(libinit2.o)
    0x000000f2   0x000000f2   0x00000000   Code   RO          256    .ARM.Collect$$libinit$$0000000A  c_p.l(libinit2.o)
    0x000000f2   0x000000f2   0x00000000   Code   RO          258    .ARM.Collect$$libinit$$0000000C  c_p.l(libinit2.o)
    0x000000f2   0x000000f2   0x00000000   Code   RO          260    .ARM.Collect$$libinit$$0000000E  c_p.l(libinit2.o)
    0x000000f2   0x000000f2   0x00000000   Code   RO          263    .ARM.Collect$$libinit$$00000011  c_p.l(libinit2.o)
    0x000000f2   0x000000f2   0x00000000   Code   RO          265    .ARM.Collect$$libinit$$00000013  c_p.l(libinit2.o)
    0x000000f2   0x000000f2   0x00000000   Code   RO          267    .ARM.Collect$$libinit$$00000015  c_p.l(libinit2.o)
    0x000000f2   0x000000f2   0x00000000   Code   RO          269    .ARM.Collect$$libinit$$00000017  c_p.l(libinit2.o)
    0x000000f2   0x000000f2   0x00000000   Code   RO          271    .ARM.Collect$$libinit$$00000019  c_p.l(libinit2.o)
    0x000000f2   0x000000f2   0x00000000   Code   RO          273    .ARM.Collect$$libinit$$0000001B  c_p.l(libinit2.o)
    0x000000f2   0x000000f2   0x00000000   Code   RO          275    .ARM.Collect$$libinit$$0000001D  c_p.l(libinit2.o)
    0x000000f2   0x000000f2   0x00000000   Code   RO          277    .ARM.Collect$$libinit$$0000001F  c_p.l(libinit2.o)
    0x000000f2   0x000000f2   0x00000000   Code   RO          279    .ARM.Collect$$libinit$$00000021  c_p.l(libinit2.o)
    0x000000f2   0x000000f2   0x00000000   Code   RO          281    .ARM.Collect$$libinit$$00000023  c_p.l(libinit2.o)
    0x000000f2   0x000000f2   0x00000000   Code   RO          283    .ARM.Collect$$libinit$$00000025  c_p.l(libinit2.o)
    0x000000f2   0x000000f2   0x00000000   Code   RO          287    .ARM.Collect$$libinit$$0000002C  c_p.l(libinit2.o)
    0x000000f2   0x000000f2   0x00000000   Code   RO          289    .ARM.Collect$$libinit$$0000002E  c_p.l(libinit2.o)
    0x000000f2   0x000000f2   0x00000000   Code   RO          291    .ARM.Collect$$libinit$$00000030  c_p.l(libinit2.o)
    0x000000f2   0x000000f2   0x00000000   Code   RO          293    .ARM.Collect$$libinit$$00000032  c_p.l(libinit2.o)
    0x000000f2   0x000000f2   0x00000002   Code   RO          294    .ARM.Collect$$libinit$$00000033  c_p.l(libinit2.o)
    0x000000f4   0x000000f4   0x00000002   Code   RO          312    .ARM.Collect$$libshutdown$$00000000  c_p.l(libshutdown.o)
    0x000000f6   0x000000f6   0x00000000   Code   RO          322    .ARM.Collect$$libshutdown$$00000002  c_p.l(libshutdown2.o)
    0x000000f6   0x000000f6   0x00000000   Code   RO          324    .ARM.Collect$$libshutdown$$00000004  c_p.l(libshutdown2.o)
    0x000000f6   0x000000f6   0x00000000   Code   RO          326    .ARM.Collect$$libshutdown$$00000006  c_p.l(libshutdown2.o)
    0x000000f6   0x000000f6   0x00000000   Code   RO          329    .ARM.Collect$$libshutdown$$00000009  c_p.l(libshutdown2.o)
    0x000000f6   0x000000f6   0x00000000   Code   RO          332    .ARM.Collect$$libshutdown$$0000000C  c_p.l(libshutdown2.o)
    0x000000f6   0x000000f6   0x00000000   Code   RO          334    .ARM.Collect$$libshutdown$$0000000E  c_p.l(libshutdown2.o)
    0x000000f6   0x000000f6   0x00000000   Code   RO          337    .ARM.Collect$$libshutdown$$00000011  c_p.l(libshutdown2.o)
    0x000000f6   0x000000f6   0x00000002   Code   RO          338    .ARM.Collect$$libshutdown$$00000012  c_p.l(libshutdown2.o)
    0x000000f8   0x000000f8   0x00000000   Code   RO          208    .ARM.Collect$$rtentry$$00000000  c_p.l(__rtentry.o)
    0x000000f8   0x000000f8   0x00000000   Code   RO          215    .ARM.Collect$$rtentry$$00000002  c_p.l(__rtentry2.o)
    0x000000f8   0x000000f8   0x00000006   Code   RO          227    .ARM.Collect$$rtentry$$00000004  c_p.l(__rtentry4.o)
    0x000000fe   0x000000fe   0x00000000   Code   RO          217    .ARM.Collect$$rtentry$$00000009  c_p.l(__rtentry2.o)
    0x000000fe   0x000000fe   0x00000004   Code   RO          218    .ARM.Collect$$rtentry$$0000000A  c_p.l(__rtentry2.o)
    0x00000102   0x00000102   0x00000000   Code   RO          220    .ARM.Collect$$rtentry$$0000000C  c_p.l(__rtentry2.o)
    0x00000102   0x00000102   0x00000008   Code   RO          221    .ARM.Collect$$rtentry$$0000000D  c_p.l(__rtentry2.o)
    0x0000010a   0x0000010a   0x00000002   Code   RO          248    .ARM.Collect$$rtexit$$00000000  c_p.l(rtexit.o)
    0x0000010c   0x0000010c   0x00000000   Code   RO          296    .ARM.Collect$$rtexit$$00000002  c_p.l(rtexit2.o)
    0x0000010c   0x0000010c   0x00000004   Code   RO          297    .ARM.Collect$$rtexit$$00000003  c_p.l(rtexit2.o)
    0x00000110   0x00000110   0x00000006   Code   RO          298    .ARM.Collect$$rtexit$$00000004  c_p.l(rtexit2.o)
    0x00000116   0x00000116   0x00000002   PAD
    0x00000118   0x00000118   0x00000034   Code   RO            4  * .text               cm0dsasm.o
    0x0000014c   0x0000014c   0x0000025c   Code   RO           12    .text               edk_api.o
    0x000003a8   0x000003a8   0x0000006e   Code   RO           59    .text               edk_driver.o
    0x00000416   0x00000416   0x00000002   PAD
    0x00000418   0x00000418   0x00000684   Code   RO           85    .text               main.o
    0x00000a9c   0x00000a9c   0x0000003e   Code   RO          133    .text               retarget.o
    0x00000ada   0x00000ada   0x00000002   Code   RO          170    .text               c_p.l(use_no_semi.o)
    0x00000adc   0x00000adc   0x0000001c   Code   RO          174    .text               c_p.l(noretval__2printf.o)
    0x00000af8   0x00000af8   0x0000006c   Code   RO          176    .text               c_p.l(__printf.o)
    0x00000b64   0x00000b64   0x00000052   Code   RO          178    .text               c_p.l(_printf_str.o)
    0x00000bb6   0x00000bb6   0x00000040   Code   RO          202    .text               c_p.l(rt_memclr.o)
    0x00000bf6   0x00000bf6   0x00000006   Code   RO          204    .text               c_p.l(heapauxi.o)
    0x00000bfc   0x00000bfc   0x0000002e   Code   RO          209    .text               c_p.l(_printf_char.o)
    0x00000c2a   0x00000c2a   0x00000002   PAD
    0x00000c2c   0x00000c2c   0x00000028   Code   RO          211    .text               c_p.l(_printf_char_file.o)
    0x00000c54   0x00000c54   0x00000030   Code   RO          229    .text               c_p.l(_printf_char_common.o)
    0x00000c84   0x00000c84   0x0000003e   Code   RO          231    .text               c_p.l(sys_stackheap_outer.o)
    0x00000cc2   0x00000cc2   0x00000010   Code   RO          236    .text               c_p.l(exit.o)
    0x00000cd2   0x00000cd2   0x00000002   PAD
    0x00000cd4   0x00000cd4   0x00000008   Code   RO          244    .text               c_p.l(libspace.o)
    0x00000cdc   0x00000cdc   0x0000001a   Code   RO          104    i.__ARM_common_switch8  main.o
    0x00000cf6   0x00000cf6   0x00000002   PAD
    0x00000cf8   0x00000cf8   0x00000010   Data   RO          368    Region$$Table       anon$$obj.o


    Execution Region ER_RW (Exec base: 0x00000d08, Load base: 0x00000d08, Size: 0x00000028, Max: 0xffffffff, ABSOLUTE)

    Exec Addr    Load Addr    Size         Type   Attr      Idx    E Section Name        Object

    0x00000d08   0x00000d08   0x00000004   Data   RW           13    .data               edk_api.o
    0x00000d0c   0x00000d0c   0x00000020   Data   RW           87    .data               main.o
    0x00000d2c   0x00000d2c   0x00000004   Data   RW          134    .data               retarget.o


    Execution Region ER_ZI (Exec base: 0x00000d30, Load base: 0x00000d30, Size: 0x000008b0, Max: 0xffffffff, ABSOLUTE)

    Exec Addr    Load Addr    Size         Type   Attr      Idx    E Section Name        Object

    0x00000d30        -       0x00000048   Zero   RW           86    .bss                main.o
    0x00000d78        -       0x00000060   Zero   RW          245    .bss                c_p.l(libspace.o)
    0x00000dd8   0x00000d30   0x00000008   PAD
    0x00000de0        -       0x00000400   Zero   RW            2    HEAP                cm0dsasm.o
    0x000011e0        -       0x00000400   Zero   RW            1    STACK               cm0dsasm.o


==============================================================================

Image component sizes


      Code (inc. data)   RO Data    RW Data    ZI Data      Debug   Object Name

        52         22        128          0       2048        436   cm0dsasm.o
       604         12          0          4          0       9049   edk_api.o
       110          0          0          0          0       1646   edk_driver.o
      1694        718          0         32         72       9820   main.o
        62          0          0          4          0       3466   retarget.o

    ----------------------------------------------------------------------
      2526        752        144         40       2120      24417   Object Totals
         0          0         16          0          0          0   (incl. Generated)
         4          0          0          0          0          0   (incl. Padding)

    ----------------------------------------------------------------------

      Code (inc. data)   RO Data    RW Data    ZI Data      Debug   Library Member Name

         8          0          0          0          0         68   __main.o
       108          0          0          0          0         76   __printf.o
         0          0          0          0          0          0   __rtentry.o
        12          0          0          0          0          0   __rtentry2.o
         6          0          0          0          0          0   __rtentry4.o
        60          8          0          0          0          0   __scatter.o
        28          0          0          0          0          0   __scatter_zi.o
        46          0          0          0          0        100   _printf_char.o
        48          6          0          0          0         88   _printf_char_common.o
        40          6          0          0          0         72   _printf_char_file.o
         2          0          0          0          0          0   _printf_percent.o
         4          0          0          0          0          0   _printf_percent_end.o
        10          0          0          0          0          0   _printf_s.o
        82          0          0          0          0         72   _printf_str.o
        16          0          0          0          0         68   exit.o
         6          0          0          0          0        136   heapauxi.o
         2          0          0          0          0          0   libinit.o
         2          0          0          0          0          0   libinit2.o
         2          0          0          0          0          0   libshutdown.o
         2          0          0          0          0          0   libshutdown2.o
         8          4          0          0         96         68   libspace.o
        28          6          0          0          0         84   noretval__2printf.o
        64          0          0          0          0        108   rt_memclr.o
         2          0          0          0          0          0   rtexit.o
        10          0          0          0          0          0   rtexit2.o
        62          0          0          0          0         80   sys_stackheap_outer.o
         2          0          0          0          0         68   use_no_semi.o

    ----------------------------------------------------------------------
       666         30          0          0        104       1088   Library Totals
         6          0          0          0          8          0   (incl. Padding)

    ----------------------------------------------------------------------

      Code (inc. data)   RO Data    RW Data    ZI Data      Debug   Library Name

       660         30          0          0         96       1088   c_p.l

    ----------------------------------------------------------------------
       666         30          0          0        104       1088   Library Totals

    ----------------------------------------------------------------------

==============================================================================


      Code (inc. data)   RO Data    RW Data    ZI Data      Debug   

      3192        782        144         40       2224      24773   Grand Totals
      3192        782        144         40       2224      24773   ELF Image Totals
      3192        782        144         40          0          0   ROM Totals

==============================================================================

    Total RO  Size (Code + RO Data)                 3336 (   3.26kB)
    Total RW  Size (RW Data + ZI Data)              2264 (   2.21kB)
    Total ROM Size (Code + RO Data + RW Data)       3376 (   3.30kB)

==============================================================================

